components/GradientHeading.tsx(5,10): error TS2745: This JSX tag's 'children' prop expects type 'never' which requires multiple children, but only a single child was provided.
components/GradientHeading.tsx(5,14): error TS2322: Type 'string' is not assignable to type 'never'.
